{"timestamp":"2026-10-05T17:41:40.262Z","event":"admin_login_success","ip":"127.0.0.1","method":"UNKNOWN","url":"/api/admin/login","username":"admin"}
{"timestamp":"2026-10-05T17:42:29.803Z","event":"admin_login_success","ip":"127.0.0.1","method":"UNKNOWN","url":"/api/admin/login","username":"admin"}
{"timestamp":"2026-10-05T17:43:14.691Z","event":"admin_login_success","ip":"127.0.0.1","method":"UNKNOWN","url":"/api/admin/login","username":"admin"}
{"timestamp":"2026-10-05T17:43:29.909Z","event":"admin_login_success","ip":"127.0.0.1","method":"UNKNOWN","url":"/api/admin/login","username":"admin"}
{"timestamp":"2026-10-05T17:43:59.843Z","event":"admin_login_success","ip":"127.0.0.1","method":"UNKNOWN","url":"/api/admin/login","username":"admin"}
{"timestamp":"2026-10-05T17:44:24.737Z","event":"admin_login_success","ip":"127.0.0.1","method":"UNKNOWN","url":"/api/admin/login","username":"admin"}
{"timestamp":"2026-10-05T17:45:11.353Z","event":"admin_login_success","ip":"::1","method":"POST","url":"/api/admin/login","username":"admin","has2fa":false}
{"timestamp":"2026-10-05T17:45:11.357Z","event":"admin_api_call","ip":"::1","method":"GET","url":"/api/admin/dashboard?period=daily","path":"/api/admin/dashboard?period=daily"}
{"timestamp":"2026-10-05T17:45:11.374Z","event":"admin_api_call","ip":"::1","method":"GET","url":"/api/admin/security/logs","path":"/api/admin/security/logs"}
{"timestamp":"2026-10-05T17:45:22.341Z","event":"admin_api_call","ip":"::1","method":"GET","url":"/api/admin/dashboard?period=weekly","path":"/api/admin/dashboard?period=weekly"}
{"timestamp":"2026-10-05T17:45:22.349Z","event":"admin_api_call","ip":"::1","method":"GET","url":"/api/admin/security/logs","path":"/api/admin/security/logs"}
{"timestamp":"2026-10-05T17:45:23.545Z","event":"admin_api_call","ip":"::1","method":"GET","url":"/api/admin/dashboard?period=monthly","path":"/api/admin/dashboard?period=monthly"}
{"timestamp":"2026-10-05T17:45:23.549Z","event":"admin_api_call","ip":"::1","method":"GET","url":"/api/admin/security/logs","path":"/api/admin/security/logs"}
{"timestamp":"2026-10-05T17:45:23.963Z","event":"admin_api_call","ip":"::1","method":"GET","url":"/api/admin/dashboard?period=daily","path":"/api/admin/dashboard?period=daily"}
{"timestamp":"2026-10-05T17:45:23.967Z","event":"admin_api_call","ip":"::1","method":"GET","url":"/api/admin/security/logs","path":"/api/admin/security/logs"}
{"timestamp":"2026-10-05T17:45:24.871Z","event":"admin_api_call","ip":"::1","method":"GET","url":"/api/admin/orders?period=daily","path":"/api/admin/orders?period=daily"}
{"timestamp":"2026-10-05T17:45:26.066Z","event":"admin_api_call","ip":"::1","method":"GET","url":"/api/admin/menu","path":"/api/admin/menu"}
{"timestamp":"2026-10-05T17:45:28.711Z","event":"admin_api_call","ip":"::1","method":"GET","url":"/api/admin/dashboard?period=daily","path":"/api/admin/dashboard?period=daily"}
{"timestamp":"2026-10-05T17:45:28.719Z","event":"admin_api_call","ip":"::1","method":"GET","url":"/api/admin/security/logs","path":"/api/admin/security/logs"}
{"timestamp":"2026-10-05T17:45:34.922Z","event":"admin_api_call","ip":"::1","method":"GET","url":"/api/admin/orders?period=daily","path":"/api/admin/orders?period=daily"}
{"timestamp":"2026-10-05T17:45:39.928Z","event":"admin_api_call","ip":"::1","method":"GET","url":"/api/admin/orders?period=daily","path":"/api/admin/orders?period=daily"}
{"timestamp":"2026-10-05T17:45:41.881Z","event":"admin_api_call","ip":"::1","method":"PATCH","url":"/api/admin/orders/0ab528c0-d22d-4105-8cad-6904d19eb0da/status","path":"/api/admin/orders/0ab528c0-d22d-4105-8cad-6904d19eb0da/status"}
{"timestamp":"2026-10-05T17:45:41.887Z","event":"admin_api_call","ip":"::1","method":"GET","url":"/api/admin/orders?period=daily","path":"/api/admin/orders?period=daily"}
{"timestamp":"2026-10-05T17:45:41.888Z","event":"admin_api_call","ip":"::1","method":"GET","url":"/api/admin/dashboard?period=daily","path":"/api/admin/dashboard?period=daily"}
{"timestamp":"2026-10-05T17:45:41.895Z","event":"admin_api_call","ip":"::1","method":"GET","url":"/api/admin/security/logs","path":"/api/admin/security/logs"}
{"timestamp":"2026-10-05T17:45:44.928Z","event":"admin_api_call","ip":"::1","method":"GET","url":"/api/admin/orders?period=daily","path":"/api/admin/orders?period=daily"}
{"timestamp":"2026-10-05T17:45:45.812Z","event":"admin_api_call","ip":"::1","method":"PATCH","url":"/api/admin/orders/bf1cdb25-dce6-4e99-a8b4-dc2fe83dd31d/status","path":"/api/admin/orders/bf1cdb25-dce6-4e99-a8b4-dc2fe83dd31d/status"}
{"timestamp":"2026-10-05T17:45:45.817Z","event":"admin_api_call","ip":"::1","method":"GET","url":"/api/admin/orders?period=daily","path":"/api/admin/orders?period=daily"}
{"timestamp":"2026-10-05T17:45:45.818Z","event":"admin_api_call","ip":"::1","method":"GET","url":"/api/admin/dashboard?period=daily","path":"/api/admin/dashboard?period=daily"}
{"timestamp":"2026-10-05T17:45:45.824Z","event":"admin_api_call","ip":"::1","method":"GET","url":"/api/admin/security/logs","path":"/api/admin/security/logs"}
{"timestamp":"2026-10-05T17:45:48.223Z","event":"admin_api_call","ip":"::1","method":"GET","url":"/api/admin/orders?period=daily","path":"/api/admin/orders?period=daily"}
{"timestamp":"2026-10-05T17:45:49.178Z","event":"admin_api_call","ip":"::1","method":"GET","url":"/api/admin/orders?period=weekly","path":"/api/admin/orders?period=weekly"}
{"timestamp":"2026-10-05T17:45:49.646Z","event":"admin_api_call","ip":"::1","method":"GET","url":"/api/admin/orders?period=monthly","path":"/api/admin/orders?period=monthly"}
{"timestamp":"2026-10-05T17:45:49.931Z","event":"admin_api_call","ip":"::1","method":"GET","url":"/api/admin/orders?period=monthly","path":"/api/admin/orders?period=monthly"}
{"timestamp":"2026-10-05T17:45:49.969Z","event":"admin_api_call","ip":"::1","method":"GET","url":"/api/admin/orders?period=yearly","path":"/api/admin/orders?period=yearly"}
{"timestamp":"2026-10-05T17:45:50.451Z","event":"admin_api_call","ip":"::1","method":"GET","url":"/api/admin/orders?period=weekly","path":"/api/admin/orders?period=weekly"}
{"timestamp":"2026-10-05T17:45:50.793Z","event":"admin_api_call","ip":"::1","method":"GET","url":"/api/admin/orders?period=daily","path":"/api/admin/orders?period=daily"}
{"timestamp":"2026-10-05T17:45:51.627Z","event":"admin_api_call","ip":"::1","method":"GET","url":"/api/admin/orders?period=daily","path":"/api/admin/orders?period=daily"}
{"timestamp":"2026-10-05T17:45:52.877Z","event":"admin_api_call","ip":"::1","method":"GET","url":"/api/admin/menu","path":"/api/admin/menu"}
{"timestamp":"2026-10-05T17:45:53.751Z","event":"admin_api_call","ip":"::1","method":"GET","url":"/api/admin/dashboard?period=daily","path":"/api/admin/dashboard?period=daily"}
{"timestamp":"2026-10-05T17:45:53.755Z","event":"admin_api_call","ip":"::1","method":"GET","url":"/api/admin/security/logs","path":"/api/admin/security/logs"}
{"timestamp":"2026-10-05T17:55:03.506Z","event":"admin_login_success","ip":"127.0.0.1","method":"UNKNOWN","url":"/api/admin/login","username":"admin"}
{"timestamp":"2026-10-05T19:52:25.723Z","event":"admin_login_success","ip":"127.0.0.1","method":"UNKNOWN","url":"/api/admin/login","username":"admin"}
{"timestamp":"2026-10-05T22:15:19.816Z","event":"admin_ip_blocked","ip":"::1","method":"POST","url":"/api/admin/login","reason":"not_in_whitelist"}
{"timestamp":"2026-10-05T22:15:22.152Z","event":"admin_ip_blocked","ip":"::1","method":"POST","url":"/api/admin/login","reason":"not_in_whitelist"}
{"timestamp":"2026-10-05T22:15:22.504Z","event":"admin_ip_blocked","ip":"::1","method":"POST","url":"/api/admin/login","reason":"not_in_whitelist"}
{"timestamp":"2026-10-05T22:15:24.397Z","event":"admin_ip_blocked","ip":"::1","method":"POST","url":"/api/admin/login","reason":"not_in_whitelist"}
{"timestamp":"2026-10-05T22:15:25.248Z","event":"admin_ip_blocked","ip":"::1","method":"POST","url":"/api/admin/login","reason":"not_in_whitelist"}
{"timestamp":"2026-10-05T22:15:25.645Z","event":"admin_ip_blocked","ip":"::1","method":"POST","url":"/api/admin/login","reason":"not_in_whitelist"}
{"timestamp":"2026-10-05T22:18:16.834Z","event":"admin_login_success","ip":"::1","method":"POST","url":"/api/admin/login","username":"admin","has2fa":false}
{"timestamp":"2026-10-05T22:18:16.855Z","event":"admin_api_call","ip":"::1","method":"GET","url":"/api/admin/dashboard?period=daily","path":"/api/admin/dashboard?period=daily"}
{"timestamp":"2026-10-05T22:18:18.299Z","event":"admin_api_call","ip":"::1","method":"GET","url":"/api/admin/security/logs","path":"/api/admin/security/logs"}
{"timestamp":"2026-10-05T22:18:48.554Z","event":"admin_api_call","ip":"::1","method":"GET","url":"/api/admin/menu","path":"/api/admin/menu"}
{"timestamp":"2026-10-05T22:19:22.139Z","event":"admin_api_call","ip":"::1","method":"POST","url":"/api/admin/menu/images","path":"/api/admin/menu/images"}
{"timestamp":"2026-10-05T22:19:22.399Z","event":"admin_api_call","ip":"::1","method":"POST","url":"/api/admin/menu/products","path":"/api/admin/menu/products"}
{"timestamp":"2026-10-05T22:19:24.538Z","event":"admin_api_call","ip":"::1","method":"GET","url":"/api/admin/menu","path":"/api/admin/menu"}
{"timestamp":"2026-10-05T22:56:52.890Z","event":"admin_login_success","ip":"::1","method":"POST","url":"/api/admin/login","username":"admin","has2fa":false}
{"timestamp":"2026-10-05T22:56:52.927Z","event":"admin_api_call","ip":"::1","method":"GET","url":"/api/admin/dashboard?period=daily","path":"/api/admin/dashboard?period=daily"}
{"timestamp":"2026-10-05T22:56:54.348Z","event":"admin_api_call","ip":"::1","method":"GET","url":"/api/admin/security/logs","path":"/api/admin/security/logs"}
{"timestamp":"2026-10-05T22:56:57.774Z","event":"admin_api_call","ip":"::1","method":"GET","url":"/api/admin/menu","path":"/api/admin/menu"}
{"timestamp":"2026-10-05T22:57:03.381Z","event":"admin_api_call","ip":"::1","method":"DELETE","url":"/api/admin/menu/products/1","path":"/api/admin/menu/products/1"}
{"timestamp":"2026-10-05T22:57:04.963Z","event":"admin_api_call","ip":"::1","method":"GET","url":"/api/admin/menu","path":"/api/admin/menu"}
{"timestamp":"2026-10-05T22:58:01.749Z","event":"admin_api_call","ip":"::1","method":"POST","url":"/api/admin/menu/images","path":"/api/admin/menu/images"}
{"timestamp":"2026-10-05T22:58:01.793Z","event":"admin_api_call","ip":"::1","method":"POST","url":"/api/admin/menu/products","path":"/api/admin/menu/products"}
{"timestamp":"2026-10-05T22:58:04.652Z","event":"admin_api_call","ip":"::1","method":"GET","url":"/api/admin/menu","path":"/api/admin/menu"}
{"timestamp":"2026-10-05T22:59:14.291Z","event":"admin_api_call","ip":"::1","method":"GET","url":"/api/admin/dashboard?period=daily","path":"/api/admin/dashboard?period=daily"}
{"timestamp":"2026-10-05T22:59:15.908Z","event":"admin_api_call","ip":"::1","method":"GET","url":"/api/admin/security/logs","path":"/api/admin/security/logs"}
{"timestamp":"2026-10-05T22:59:19.607Z","event":"admin_login_success","ip":"::1","method":"POST","url":"/api/admin/login","username":"admin","has2fa":false}
{"timestamp":"2026-10-05T22:59:19.618Z","event":"admin_api_call","ip":"::1","method":"GET","url":"/api/admin/dashboard?period=daily","path":"/api/admin/dashboard?period=daily"}
{"timestamp":"2026-10-05T22:59:21.172Z","event":"admin_api_call","ip":"::1","method":"GET","url":"/api/admin/security/logs","path":"/api/admin/security/logs"}
{"timestamp":"2026-10-05T22:59:31.754Z","event":"admin_api_call","ip":"::1","method":"GET","url":"/api/admin/menu","path":"/api/admin/menu"}
{"timestamp":"2026-10-05T22:59:34.045Z","event":"admin_api_call","ip":"::1","method":"GET","url":"/api/admin/orders?period=daily","path":"/api/admin/orders?period=daily"}
{"timestamp":"2026-10-05T22:59:39.967Z","event":"admin_api_call","ip":"::1","method":"GET","url":"/api/admin/orders?period=daily","path":"/api/admin/orders?period=daily"}
{"timestamp":"2026-10-05T22:59:41.153Z","event":"admin_api_call","ip":"::1","method":"PATCH","url":"/api/admin/orders/81f992af-81ea-4ee1-a7f9-61bce30b9b42/status","path":"/api/admin/orders/81f992af-81ea-4ee1-a7f9-61bce30b9b42/status"}
{"timestamp":"2026-10-05T22:59:41.824Z","event":"admin_api_call","ip":"::1","method":"GET","url":"/api/admin/orders?period=daily","path":"/api/admin/orders?period=daily"}
{"timestamp":"2026-10-05T22:59:41.832Z","event":"admin_api_call","ip":"::1","method":"GET","url":"/api/admin/dashboard?period=daily","path":"/api/admin/dashboard?period=daily"}
{"timestamp":"2026-10-05T22:59:43.793Z","event":"admin_api_call","ip":"::1","method":"PATCH","url":"/api/admin/orders/0c5f8725-a03e-4273-bf90-27d58f031f0a/status","path":"/api/admin/orders/0c5f8725-a03e-4273-bf90-27d58f031f0a/status"}
{"timestamp":"2026-10-05T22:59:44.253Z","event":"admin_api_call","ip":"::1","method":"GET","url":"/api/admin/security/logs","path":"/api/admin/security/logs"}
{"timestamp":"2026-10-05T22:59:44.875Z","event":"admin_api_call","ip":"::1","method":"GET","url":"/api/admin/orders?period=daily","path":"/api/admin/orders?period=daily"}
{"timestamp":"2026-10-05T22:59:44.881Z","event":"admin_api_call","ip":"::1","method":"GET","url":"/api/admin/dashboard?period=daily","path":"/api/admin/dashboard?period=daily"}
{"timestamp":"2026-10-05T22:59:47.296Z","event":"admin_api_call","ip":"::1","method":"GET","url":"/api/admin/security/logs","path":"/api/admin/security/logs"}
{"timestamp":"2026-10-05T22:59:50.672Z","event":"admin_api_call","ip":"::1","method":"GET","url":"/api/admin/orders?period=daily","path":"/api/admin/orders?period=daily"}
{"timestamp":"2026-10-05T22:59:55.676Z","event":"admin_api_call","ip":"::1","method":"GET","url":"/api/admin/orders?period=daily","path":"/api/admin/orders?period=daily"}
{"timestamp":"2026-10-05T23:00:00.677Z","event":"admin_api_call","ip":"::1","method":"GET","url":"/api/admin/orders?period=daily","path":"/api/admin/orders?period=daily"}
{"timestamp":"2026-10-05T23:00:05.692Z","event":"admin_api_call","ip":"::1","method":"GET","url":"/api/admin/orders?period=daily","path":"/api/admin/orders?period=daily"}
{"timestamp":"2026-10-05T23:00:10.684Z","event":"admin_api_call","ip":"::1","method":"GET","url":"/api/admin/orders?period=daily","path":"/api/admin/orders?period=daily"}
{"timestamp":"2026-10-05T23:00:15.679Z","event":"admin_api_call","ip":"::1","method":"GET","url":"/api/admin/orders?period=daily","path":"/api/admin/orders?period=daily"}
{"timestamp":"2026-10-05T23:00:20.672Z","event":"admin_api_call","ip":"::1","method":"GET","url":"/api/admin/orders?period=daily","path":"/api/admin/orders?period=daily"}
{"timestamp":"2026-10-05T23:00:25.691Z","event":"admin_api_call","ip":"::1","method":"GET","url":"/api/admin/orders?period=daily","path":"/api/admin/orders?period=daily"}
{"timestamp":"2026-10-05T23:00:30.682Z","event":"admin_api_call","ip":"::1","method":"GET","url":"/api/admin/orders?period=daily","path":"/api/admin/orders?period=daily"}
{"timestamp":"2026-10-05T23:00:35.682Z","event":"admin_api_call","ip":"::1","method":"GET","url":"/api/admin/orders?period=daily","path":"/api/admin/orders?period=daily"}
{"timestamp":"2026-10-05T23:00:40.681Z","event":"admin_api_call","ip":"::1","method":"GET","url":"/api/admin/orders?period=daily","path":"/api/admin/orders?period=daily"}
{"timestamp":"2026-10-05T23:00:49.229Z","event":"admin_api_call","ip":"::1","method":"GET","url":"/api/admin/dashboard?period=daily","path":"/api/admin/dashboard?period=daily"}
{"timestamp":"2026-10-05T23:00:50.793Z","event":"admin_api_call","ip":"::1","method":"GET","url":"/api/admin/security/logs","path":"/api/admin/security/logs"}
{"timestamp":"2026-10-05T23:01:27.484Z","event":"admin_api_call","ip":"::1","method":"GET","url":"/api/admin/orders?period=daily","path":"/api/admin/orders?period=daily"}
